// Log of Currently Installed WeiDU Mods
// The top of the file is the 'oldest' mod
// ~TP2_File~ #language_number #component_number // [Subcomponent Name -> ] Component Name [ : Version]
~EEEX/EEEX.TP2~ #0 #0 // EEex: v0.10.2.1-alpha
infinity_ui or LeUI
bubb_spell_menu_extended
EEUITweaks ???
ASCENSION
UB
ARESTORATIONP
~CTB/SETUP-CTB.TP2~ #0 #0 // Check The Bodies: 3.0
~CTB/SETUP-CTB.TP2~ #0 #3 // Other Improvements: 3.0
AC_QUEST
SkitiaNPCs
Foundling	
SkieCost	
Aura_BG1_2_EET
adrian	
ninde	
paina	
~DW_LANTHORN/DW_LANTHORN.TP2~ #0 #20 // Restored Rhynn Lanthorn lens quest -> Expanded Version (adds four new locations where lenses can be found): v2
~ASSASSINATIONS/ASSASSINATIONS.TP2~ #0 #0 // Assassinations mod for Baldur's Gate II: v19
fadingpromises	
RE
Blackhearts
A7-TestYourMettle
c#sb_silber
tod
Eilistraee
FishingForTrouble
~BACKBRYNNLAW/BACKBRYNNLAW.TP2~ #0 #0 // Back to Brynnlaw mod for Baldur's Gate II: v9
~SELLSWORDS/SELLSWORDS.TP2~ #0 #0 // The Sellswords mod for Baldur's Gate II: v9.1
~REUNION/REUNION.TP2~ #0 #0 // The Reunion mod for Baldur's Gate II: v7
~OOZE/OOZE.TP2~ #0 #0 // Athkatlan Grounds: The Ooze's Lounge - a new area under Athkatlan Slums: 2.94
~SOUTHERNEDGE/SOUTHERNEDGE.TP2~ #0 #0 // Southern Edge: the new district of Athkatla -> Yes, but don't patch the existing save games: 5.2
~TANGLEDISLE/TANGLEDISLE.TP2~ #0 #0 // Athkatlan Grounds: The Tangled Oak Isle -> Yes, but don't patch existing save games: v4.5.1
~BRIDGESBLOCK/BRIDGESBLOCK.TP2~ #0 #0 // Athkatlan Grounds: The Bridge's Block: 2.0
~ALABASTERSANDS/ALABASTERSANDS.TP2~ #0 #0 // Alabaster Sands: the new area of Athkatla -> Yes, but don't patch existing save games: v1.7
~WHITEQUEEN/WHITEQUEEN.TP2~ #0 #0 // Colours of Infinity - The White Queen -> Yes, but don't patch the existing save games: 7.3
~ISNF/ISNF.TP2~ #0 #0 // Colours of Infinity: I Shall Never Forget: 6.3
~INNERSHADE/SETUP-INNERSHADE.TP2~ #0 #0 // Colours of Infinity: Innershade -> Yes, but don't patch the existing save games: 11.12
~TOTDG/TOTDG.TP2~ #0 #0 // Colours of Infinity: Tales of the Deep Gardens -> Yes, but don't patch the existing save games: 12.93
~TIDINGS/SETUP-TIDINGS.TP2~ #1 #0 // Dark Tidings: 2.2
~GODCALL/SETUP-GODCALL.TP2~ #1 #0 // Call Of The Lost Goddess V 1.2
~GODCALL/SETUP-GODCALL.TP2~ #1 #50 // Install portraits for the major NPCs of the mod
~GODCALL/SETUP-GODCALL.TP2~ #1 #200 // Install AI voiceover for major NPCs of the mod (mostly in English)
~INLOVEUNDEATH/INLOVEUNDEATH.TP2~ #0 #0 // The Dreadful Tales: In Love, Undeath - a new quest and companion for BG2EE -> Yes, but don't patch existing save games: v1.8
~INLOVEUNDEATH/INLOVEUNDEATH.TP2~ #0 #2 // Xzele: Player-Initiated Dialogues: v1.8
~JUNIPERANDTHESTONELEECH/JUNIPERANDTHESTONELEECH.TP2~ #0 #0 // The Dreadful Tales: Juniper and the Stone Leech - companion and a quest mod for BG2EE ToB: v1.7
~JUNIPERANDTHESTONELEECH/JUNIPERANDTHESTONELEECH.TP2~ #0 #1 // The Dreadful Tales: Juniper and the Stone Leech - Player-Initiated Dialogues for Juniper: v1.7
~BLOODIEDSTINGSOFBAROVIA/BLOODIEDSTINGSOFBAROVIA.TP2~ #0 #0 // The Bloodied Stings of Barovia - a dark Ravenloft adventure for Baldur's Gate 2 EE: v2.2
~SLANDOR/SLANDOR.TP2~ #1 #0 // The Minotaur and Lilacor: 2.1
~SETUP-D0QUESTPACK.TP2~ #0 #1 // Creature & Area Improvements -> All Creature & Area Improvements: v3.5
~SETUP-D0QUESTPACK.TP2~ #0 #4 // Miscellaneous Enhancements -> With Additional Random Encounters: v3.5
~SETUP-D0QUESTPACK.TP2~ #0 #5 // Additional Shadow Thieves Content: v3.5
~SETUP-D0QUESTPACK.TP2~ #0 #6 // Alternative Harper/Xzar Plot: v3.5
~SETUP-D0QUESTPACK.TP2~ #0 #7 // Extended Reynald Sequence: v3.5
~SETUP-D0QUESTPACK.TP2~ #0 #8 // Intrigue In The Copper Coronet: v3.5
~SETUP-D0QUESTPACK.TP2~ #0 #9 // Rahul Kanakia's Potion Quest: v3.5
~SETUP-D0QUESTPACK.TP2~ #0 #10 // Revised Hell Trials: v3.5
~SETUP-D0QUESTPACK.TP2~ #0 #11 // Improved Oasis II -> IO2 Dialogue & Combat Enhancement: v3.5
~SETUP-D0QUESTPACK.TP2~ #0 #13 // Saving Sanik In Brynnlaw: v3.5
~SETUP-D0QUESTPACK.TP2~ #0 #14 // Burglary Of The Bookkeeper: v3.5
~SETUP-D0QUESTPACK.TP2~ #0 #15 // New Fate For The Dryads' Acorns: v3.5
~SETUP-D0QUESTPACK.TP2~ #0 #16 // The Tragedy Of Besamen: v3.5
~SETUP-D0QUESTPACK.TP2~ #0 #17 // Further Slaver Involvement: v3.5
~SETUP-D0QUESTPACK.TP2~ #0 #18 // Sending The Solamnic Knights Home: v3.5
~SETUP-D0QUESTPACK.TP2~ #0 #19 // Nazariel The Lich: v3.5
~SETUP-D0QUESTPACK.TP2~ #0 #20 // Reward Negotiation: v3.5
~SETUP-D0QUESTPACK.TP2~ #0 #21 // Infernal Thievery: v3.5
alternatives	
wheels	
~IMOEN_FOREVER/IMOEN_FOREVER.TP2~ #0 #9 // Imoen 4 Ever in BGII: Compatibility with Alternatives and Saerileth: v11.4
~IMOEN_FOREVER/IMOEN_FOREVER.TP2~ #0 #11 // Imoen 4 Ever in SoD: Imoen Returns to PC in First Coalition Camp (bd1000): v11.4
~IMOEN_FOREVER/IMOEN_FOREVER.TP2~ #0 #12 // Imoen 4 Ever in SoD: Imoen Gives Better Reason to Stay Behind in Palace: v11.4
~IMOEN_FOREVER/IMOEN_FOREVER.TP2~ #0 #13 // Imoen 4 Ever in SoD: Play Cutscene With Imoen and Duke Jannath: v11.4
~IMOEN_FOREVER/IMOEN_FOREVER.TP2~ #0 #14 // Imoen 4 Ever in SoD: Give Imoen Dialogue Content in Chapters 8-12: v11.4
~IMOEN_FOREVER/IMOEN_FOREVER.TP2~ #0 #20 // Imoen's chest moves with the campaign, too: v11.4
~IMOEN_FOREVER/IMOEN_FOREVER.TP2~ #0 #25 // Imoen 4 Ever in SoD: Give Imoen PID during chapters 8 to 12: v11.4
~WHINHILL/WHINHILL.TP2~ #0 #0 // The Journey to the Whin Hill - a Baldur's Gate 2: EE quest -> Yes, but don't patch existing save games: v1.3
~WILLOWISP/WILLOWISP.TP2~ #0 #0 // Will NPC, shaman stronghold and new shaman kit for BG2EE: 3.0
~WILLOWISP/WILLOWISP.TP2~ #0 #1 // Change shaman .tlk string to remove "Ineligible for any stronghold" line: 3.0
~WILLOWISP/WILLOWISP.TP2~ #0 #3 // Town Medium (Shaman) Kit: 3.0
~WILLOWISP/WILLOWISP.TP2~ #0 #4 // New items for shamans and undead NPCs: 3.0
~WILLOWISP/WILLOWISP.TP2~ #0 #5 // Optional: Drider, Dark Treant, Will-o'-wisp Enemies: 3.0
~WILLOWISP/WILLOWISP.TP2~ #0 #6 // [CHEAT] Enable shaman stronghold for all classes: 3.0
~SIRENE_BG2/SIRENE_BG2.TP2~ #0 #0 // Sirene NPC for BG2:EE
~SIRENE_BG2/SIRENE_BG2.TP2~ #0 #1 // Choose an alternate portrait for Sirene? -> BG1 Default (sporeboy)
~ACBRE/ACBRE.TP2~ #1 #0 // Breagar: Contents: 12.2.0
~ISRA_BG2/ISRA_BG2.TP2~ #0 #0 // Isra for BGII: v3.1
~ISRA_BG2/ISRA_BG2.TP2~ #0 #1 // Isra Crossmod Content: v3.1
~C#SOLAUFEIN/C#SOLAUFEIN.TP2~ #1 #0 // Solaufein's Rescue: Jastey's Solaufein NPC for BGII: 5.0
~C#SOLAUFEIN/C#SOLAUFEIN.TP2~ #1 #1 // Give Solaufein in Ust Natha the Mod's Portrait: 5.0
~SKITIANPCS/SETUP-SKITIANPCS.TP2~ #0 #0 // Skitia NPCs for Baldur's Gate 2: 1.1
~SKITIANPCS/SETUP-SKITIANPCS.TP2~ #0 #1 // Helga Alternate Class: Fighter/Priest of Haelga -> Priest of Haelga (Fighter Multi-class): 1.1
~SKITIANPCS/SETUP-SKITIANPCS.TP2~ #0 #3 // Skitia NPCs: Romance Theme Soundtrack -> No Romance Theme Music: 1.1
~SKITIANPCS/SETUP-SKITIANPCS.TP2~ #0 #4 // Helga Portrait -> Helga Alt Portrait By Acifer: 1.1
~SKITIANPCS/SETUP-SKITIANPCS.TP2~ #0 #6 // Kale Portrait -> Kale Alt Portrait By Acifer: 1.1
~SKITIANPCS/SETUP-SKITIANPCS.TP2~ #0 #8 // Vienxay Portrait -> Vienxay Default Portrait by Crisshasart: 1.1
~SKITIANPCS/SETUP-SKITIANPCS.TP2~ #0 #12 // Choose an alternate class for Kale? -> Barbarian: 1.1
~SKITIANPCS/SETUP-SKITIANPCS.TP2~ #0 #15 // Lorekeeper tweak: Extend Mmnemonic Retrieval to match IWD Spell Progression? -> Default Spell: 1.1
~DEARNISE/DEARNISE.TP2~ #0 #0 // de'Arnise Romance for Baldur's Gate II: v7
~NALIA_AT_LAST/SETUP-NALIA_AT_LAST.TP2~ #0 #0 // Nalia at Last: A ToB Romance MoD.: 1.11
~IMOENFRIENDSHIP/IMOENFRIENDSHIP.TP2~ #0 #0 // Imoen Friendship: v3.6
~WINGS/SETUP-WINGS.TP2~ #0 #0 // Wings for BG2:EE
~WINGS/SETUP-WINGS.TP2~ #0 #1 // Restore missing banters?
~WINGS/SETUP-WINGS.TP2~ #0 #2 // Remove conflict with Hexxat?
~CERND/CERND.TP2~ #0 #0 // Cernd Friendship for BG2: ToB: v1.4
~HAERDALIS_FRIENDSHIP/HAERDALIS_FRIENDSHIP.TP2~ #0 #0 // Haer'Dalis Friendship for BG2: ToB: v1.2
~HEXXATFRIENDSHIP/HEXXATFRIENDSHIP.TP2~ #0 #0 // Hexxat Friendship for BG2EE: 1.2
~KORGANFRIENDSHIP/KORGANFRIENDSHIP.TP2~ #0 #0 // Korgan Friendship for BG2: ToB: v1.6
~MAZZY/MAZZY.TP2~ #0 #0 // Mazzy Friendship: v3.5
~MINSCFRIENDSHIP/MINSCFRIENDSHIP.TP2~ #0 #0 // Minsc Friendship for BG2 and ToB: v1.3
~SAREVOKFRIENDSHIP/SAREVOKFRIENDSHIP.TP2~ #0 #0 // Sarevok Friendship for BGII: ToB: v2.7
~VALYGARFRIENDSHIP/VALYGARFRIENDSHIP.TP2~ #0 #0 // Valygar Corthala Friendship: v1.5
~VICONIA/VICONIA.TP2~ #0 #0 // Viconia Friendship: v4.5
~HIDDENADVENTURE/HIDDENADVENTURE.TP2~ #1 #0 // Lady Elgea's extended plot: Beta_7
~HIDDENADVENTURE/HIDDENADVENTURE.TP2~ #1 #2 // Jerlia's Ore Shop: Beta_7
~HIDDENADVENTURE/HIDDENADVENTURE.TP2~ #1 #3 // Elven holy water in the Temple of Lathander: Beta_7
~HIDDENADVENTURE/HIDDENADVENTURE.TP2~ #1 #4 // Wave Blade in Treasury: Beta_7
~HIDDENADVENTURE/HIDDENADVENTURE.TP2~ #1 #5 // Silver Dagger in Irenicus Dungeon: Beta_7
~HIDDENADVENTURE/HIDDENADVENTURE.TP2~ #1 #8 // Silver Sword: Beta_7
~HIDDENADVENTURE/HIDDENADVENTURE.TP2~ #1 #9 // A Tunnel for Saradush: Beta_7
~HIDDENADVENTURE/HIDDENADVENTURE.TP2~ #1 #10 // Temple of Mask in Docks District: Beta_7
~HERTHIMONEY/HERTHIMONEY.TP2~ #1 #0 // Component 1. Interjections & Mini-quests (by Austin & Arcanecoast Team): 4.5
~HERTHIMONEY/HERTHIMONEY.TP2~ #1 #10 // Component 2. First Calimport Bank Pack (by Scheele & Austin & Arcanecoast Team): 4.5
~HERTHIMONEY/HERTHIMONEY.TP2~ #1 #20 // Component 3. Shadow-Covered Love & Death (by Alisia & Austin): 4.5
~HERTHIMONEY/HERTHIMONEY.TP2~ #1 #30 // Component 4. The Missing Troll Case (by Alisia & Austin): 4.5
~HERTHIMONEY/HERTHIMONEY.TP2~ #1 #40 // Component 5. Unlocked original dialogs of all NPC (by Tipun & Austin): 4.5
~COWLEDMENACE/SETUP-COWLEDMENACE.TP2~ #0 #1000 // Main Component: 1.0.3
~COWLEDMENACE/SETUP-COWLEDMENACE.TP2~ #0 #2100 // Appropriate Items for High-Level Spellcasters: 1.0.3
~COWLEDMENACE/SETUP-COWLEDMENACE.TP2~ #0 #3000 // Mages cast Gate far from themselves: 1.0.3
~BANTERPACK/SETUP-BANTERPACK.TP2~ #0 #0 // Pocket Plane Banter Pack for BG2: Shadows of Amn: v18
~BANTERPACK/SETUP-BANTERPACK.TP2~ #0 #1 // Install SOA Banter Accelerator script? (Increases the frequency of interparty banter): v18
~BANTERPACK/SETUP-BANTERPACK.TP2~ #0 #2 // Pocket Plane Banter Pack for BG2: Throne of Bhaal: v18
~BANTERPACK/SETUP-BANTERPACK.TP2~ #0 #3 // Install TOB Banter Accelerator script? (Increases the frequency of interparty banter): v18
~IEPBANTERS/IEPBANTERS.TP2~ #0 #0 // Extended NPC-NPC Interaction SoA: v5.9
~IEPBANTERS/IEPBANTERS.TP2~ #0 #1 // Extended Minsc/Aerie Interaction ToB: v5.9
~IEPBANTERS/IEPBANTERS.TP2~ #0 #2 // Imoen "Retrospection" dialogue for BGII: ToB: v5.9
~IEPBANTERS/IEPBANTERS.TP2~ #0 #4 // NPC Conflict Revisions: v5.9
~IEPBANTERS/IEPBANTERS.TP2~ #0 #5 // Restored Aerie/Jaheira/Anomen interjection in Underdark: v5.9
~IEPBANTERS/IEPBANTERS.TP2~ #0 #9 // Install Banter Accelerator? How much time would you like in between NPC banters in-game? -> 30 Minutes: v5.9
~CROSSMODBG2/SETUP-CROSSMODBG2.TP2~ #0 #0 // Crossmod Banter Pack for Shadows of Amn: v24.1
~CROSSMODBG2/SETUP-CROSSMODBG2.TP2~ #0 #1 // Crossmod Banter Pack for Throne of Bhaal: v24.1
~ITEMUPGRADE/ITEMUPGRADE.TP2~ #0 #10 // Shadows Of Amn Item Upgrades -> Revised Version (new upgrades presented in the same style as existing upgrades): v52
~ITEMUPGRADE/ITEMUPGRADE.TP2~ #0 #11 // Throne Of Bhaal Item Upgrades -> Revised Version (new upgrades presented in the same style as existing upgrades): v52
~ITEMUPGRADE/ITEMUPGRADE.TP2~ #0 #12 // Install supplemental Cespenar audio for Item Upgrade: v52
~ITEM_REV/ITEM_REV.TP2~ #0 #0 // Item Revisions by Demivrgvs: v4beta10sd19
~ACBRE/ACBRE.TP2~ #1 #2 // Breagar: Crossmods and PID: 12.2.0
~HIDDENADVENTURE/HIDDENADVENTURE.TP2~ #1 #1 // Anomen's extended plot: Beta_7
~OFHEIRLOOMSANDCLASSES/OFHEIRLOOMSANDCLASSES.TP2~ #0 #0 // Of Heirlooms and Classes - new forgeable artifacts for different classes: v2.2
~ITEM_REV/ITEM_REV.TP2~ #0 #1030 // Store Revisions: v4beta10sd19
~SPELL_REV/SETUP-SPELL_REV.TP2~ #0 #0 // Spell Revisions: v4.20
~SPELL_REV/SETUP-SPELL_REV.TP2~ #0 #10 // Deva and Planetar Animations: v4.20
~SPELL_REV/SETUP-SPELL_REV.TP2~ #0 #20 // Mirror Image Fix: v4.20
~SPELL_REV/SETUP-SPELL_REV.TP2~ #0 #30 // Dispel Magic Fix: v4.20
~SPELL_REV/SETUP-SPELL_REV.TP2~ #0 #55 // Spell Deflection blocks AoE spells: v4.20
~SPELL_REV/SETUP-SPELL_REV.TP2~ #0 #60 // Update Spellbooks of Joinable NPCs: v4.20
~STRATAGEMS/SETUP-STRATAGEMS.TP2~ #0 #1500 // Include arcane spells from Icewind Dale: Enhanced Edition: 35.21
~STRATAGEMS/SETUP-STRATAGEMS.TP2~ #0 #1510 // Include divine spells from Icewind Dale: Enhanced Edition: 35.21
~STRATAGEMS/SETUP-STRATAGEMS.TP2~ #0 #1520 // Include bard songs from Icewind Dale: Enhanced Edition: 35.21
~STRATAGEMS/SETUP-STRATAGEMS.TP2~ #0 #2000 // Install all spell tweaks (if you don't select this, you will be given a chance to choose by category): 35.21
~STRATAGEMS/SETUP-STRATAGEMS.TP2~ #0 #2500 // Add 9 new arcane spells: 35.21
~STRATAGEMS/SETUP-STRATAGEMS.TP2~ #0 #2510 // Add 6 new divine spells (some borrowed from Divine Remix): 35.21
~CRUCIBLE/CRUCIBLE.TP2~ #0 #1 // Install Crucible -> Fully Voiced NPCs using AI: v2.4
~TOTEMICCERND/SETUP-TOTEMICCERND.TP2~ #0 #0 // Totemic Cernd: v3
~CELESTIALS/SETUP-CELESTIALS.TP2~ #0 #0 // PnP Celestials: v10
~CELESTIALS/SETUP-CELESTIALS.TP2~ #0 #1 // Deva and Planetar Animations: v10
~NPCKIT/NPCKIT.TP2~ #0 #30 // Improved Specialist Mage Descriptions: v5
~NPCKIT/NPCKIT.TP2~ #0 #31 // Replace Berserker Kit with Battlerager for Dwarves: v5
~NPCKIT/NPCKIT.TP2~ #0 #900 // Add Red Wizard to Edwin's Kit Description: v5
~NPCKIT/NPCKIT.TP2~ #0 #2100 // Change Korgan's Kit to Battlerager: v5
~NPCKIT/NPCKIT.TP2~ #0 #2200 // Give Mazzy a Proper Truesword of Arvoreen Kit: v5
~NPCKIT/NPCKIT.TP2~ #0 #2300 // Change Minsc's Title to Rashemaar Ranger: v5
~NPCKIT/NPCKIT.TP2~ #0 #2800 // Give Sarevok a Proper Deathbringer Kit: v5
~SONG_AND_SILENCE/SETUP-SONG_AND_SILENCE.TP2~ #0 #0 // Changes to trueclass bards and thieves, and unmodded game kits (required for other components): v19
~SONG_AND_SILENCE/SETUP-SONG_AND_SILENCE.TP2~ #0 #1 // Add new bardic store and thief items: v19
~SONG_AND_SILENCE/SETUP-SONG_AND_SILENCE.TP2~ #0 #2 // Install Acrobat bard kit: v19
~SONG_AND_SILENCE/SETUP-SONG_AND_SILENCE.TP2~ #0 #3 // Install Chorister bard kit: v19
~SONG_AND_SILENCE/SETUP-SONG_AND_SILENCE.TP2~ #0 #4 // Install Dirgesinger bard kit: v19
~SONG_AND_SILENCE/SETUP-SONG_AND_SILENCE.TP2~ #0 #5 // Install Luring Piper bard kit: v19
~SONG_AND_SILENCE/SETUP-SONG_AND_SILENCE.TP2~ #0 #6 // Install Adventurer thief kit: v19
~SONG_AND_SILENCE/SETUP-SONG_AND_SILENCE.TP2~ #0 #7 // Install Burglar thief kit: v19
~SONG_AND_SILENCE/SETUP-SONG_AND_SILENCE.TP2~ #0 #8 // Install Soulknife thief kit: v19
~SONG_AND_SILENCE/SETUP-SONG_AND_SILENCE.TP2~ #0 #9 // Install Sharpshooter thief kit: v19
~RR/SETUP-RR.TP2~ #0 #0 // Proper dual-wielding implementation for Thieves and Bards: v4.92
~RR/SETUP-RR.TP2~ #0 #3 // Proper racial adjustments for thieving skills: v4.92
~RR/SETUP-RR.TP2~ #0 #4 // Bard kit revisions: v4.92
~RR/SETUP-RR.TP2~ #0 #7 // Additional equipment for Thieves and Bards: v4.92
~RR/SETUP-RR.TP2~ #0 #9 // Revised Thievery -> Use PnP thievery potions and prevent their effects from stacking: v4.92
~BARDICWONDERS/BARDICWONDERS.TP2~ #0 #0 // Bardic Wonders: Blade Overhaul
~BARDICWONDERS/BARDICWONDERS.TP2~ #0 #1 // Bardic Wonders: Jester Overhaul
~BARDICWONDERS/BARDICWONDERS.TP2~ #0 #2 // Bardic Wonders: Skald Overhaul
~BARDICWONDERS/BARDICWONDERS.TP2~ #0 #3 // Bardic Wonders: Abettor of Mask Kit
~BARDICWONDERS/BARDICWONDERS.TP2~ #0 #4 // Bardic Wonders: Dancer Kit
~BARDICWONDERS/BARDICWONDERS.TP2~ #0 #5 // Bardic Wonders: Darkbloom Bard Kit
~BARDICWONDERS/BARDICWONDERS.TP2~ #0 #6 // Bardic Wonders: Storm Drummer Kit
~BARDICWONDERS/BARDICWONDERS.TP2~ #0 #8 // Bardic Wonders: Deathsinger Kit
~BARDICWONDERS/BARDICWONDERS.TP2~ #0 #9 // Bardic Wonders: Strategist Kit
~BARDICWONDERS/BARDICWONDERS.TP2~ #0 #10 // Bardic Wonders: Kapellmeister Kit
~BARDICWONDERS/BARDICWONDERS.TP2~ #0 #11 // Bardic Wonders: Items
~BARDICWONDERS/BARDICWONDERS.TP2~ #0 #12 // Bardic Wonders: Inspirations
~BARDICWONDERS/BARDICWONDERS.TP2~ #0 #13 // Bardic Wonders: Armored Casting for Bards
~BARDICWONDERS/BARDICWONDERS.TP2~ #0 #16 // Bardic Wonders: Bard Song Overhead Visual Effect
~BARDICWONDERS/BARDICWONDERS.TP2~ #0 #17 // Bardic Wonders: High Level Abilities
~SWORD_AND_FIST/SETUP-SWORD_AND_FIST.TP2~ #0 #30 // Install Hexblade fighter kit: v9
~SWORD_AND_FIST/SETUP-SWORD_AND_FIST.TP2~ #0 #31 // Install Duelist fighter kit: v9
~SWORD_AND_FIST/SETUP-SWORD_AND_FIST.TP2~ #0 #32 // Install Fist of Order fighter kit: v9
~SWORD_AND_FIST/SETUP-SWORD_AND_FIST.TP2~ #0 #34 // Install Duskblade fighter kit (by ronin69hof, ronin69hof@gmail.com: v9
~TOMEANDBLOOD/TOMEANDBLOOD.TP2~ #0 #25 // Sorcerer: Magus: 1.0.1
~TOMEANDBLOOD/TOMEANDBLOOD.TP2~ #0 #31 // Sorcerer: Favored Soul: 1.0.1
~TOMEANDBLOOD/TOMEANDBLOOD.TP2~ #0 #33 // Sorcerer: Sylvan Disciple: 1.0.1
~TOMEANDBLOOD/TOMEANDBLOOD.TP2~ #0 #35 // Sorcerer: Revenant Disciple: 1.0.1
~TOMEANDBLOOD/TOMEANDBLOOD.TP2~ #0 #37 // Sorcerer: Amorphous Disciple: 1.0.1
~IHATEUNDEAD/IHATEUNDEAD.TP2~ #0 #4 // Death Tricker (Thief Kit): 3.8.3
~IHATEUNDEAD/IHATEUNDEAD.TP2~ #0 #7 // Circle Enforcer (Druid Kit): 3.8.3
~IHATEUNDEAD/IHATEUNDEAD.TP2~ #0 #10 // Dreadful Witch (Shaman Kit): 3.8.3
~IHATEUNDEAD/IHATEUNDEAD.TP2~ #0 #11 // Imprisoned Soul (Sorcerer Kit): 3.8.3
~MIGHT_AND_GUILE/MIGHT_AND_GUILE.TP2~ #0 #60 // Add the Sohei Warrior (fighter kit): 5.8.9
~MIGHT_AND_GUILE/MIGHT_AND_GUILE.TP2~ #0 #65 // Add the Ironsmith (fighter kit): 5.8.9
~MIGHT_AND_GUILE/MIGHT_AND_GUILE.TP2~ #0 #80 // Add the Tomb Runner (fighter/thief kit): 5.8.9
~MIGHT_AND_GUILE/MIGHT_AND_GUILE.TP2~ #0 #85 // Add the Thug (fighter/thief kit): 5.8.9
~MIGHT_AND_GUILE/MIGHT_AND_GUILE.TP2~ #0 #96 // Add the Ninja (thief kit): 5.8.9
~MIGHT_AND_GUILE/MIGHT_AND_GUILE.TP2~ #0 #105 // Add the Spellfilcher (mage/thief kit): 5.8.9
~MIGHT_AND_GUILE/MIGHT_AND_GUILE.TP2~ #0 #110 // Add the Loremaster (mage/thief kit): 5.8.9
~MIGHT_AND_GUILE/MIGHT_AND_GUILE.TP2~ #0 #120 // Add Regional Ranger kits: 5.8.9
~MIGHT_AND_GUILE/MIGHT_AND_GUILE.TP2~ #0 #125 // Add the Mage Hunter (ranger kit): 5.8.9
~MIGHT_AND_GUILE/MIGHT_AND_GUILE.TP2~ #0 #155 // Add the Elven Archer (ranger kit): 5.8.9
~MIGHT_AND_GUILE/MIGHT_AND_GUILE.TP2~ #0 #160 // Add the Halfling Slinger (fighter/thief kit): 5.8.9
~MIGHT_AND_GUILE/MIGHT_AND_GUILE.TP2~ #0 #450 // Add the Jongleur (bard kit): 5.8.9
~MIGHT_AND_GUILE/MIGHT_AND_GUILE.TP2~ #0 #460 // Add the Loremaster (bard kit): 5.8.9
~MIGHT_AND_GUILE/MIGHT_AND_GUILE.TP2~ #0 #470 // Add the Gallant (bard kit): 5.8.9
~MIGHT_AND_GUILE/MIGHT_AND_GUILE.TP2~ #0 #490 // Add the Loresinger (bard kit): 5.8.9
~ARTISANSKITPACK/ARTISANSKITPACK.TP2~ #0 #8001 // Artisan's Kitpack: Pale Master Sorcerer Kit: 4.8
~ARTISANSKITPACK/ARTISANSKITPACK.TP2~ #0 #8101 // Artisan's Kitpack: Pale Master Spells -> 'Unholy' Necromancy Spells Only (Cause Wounds, Disease, Poison, etc.): 4.8
~ARTISANSKITPACK/ARTISANSKITPACK.TP2~ #0 #8002 // Artisan's Kitpack: 3e-accurate Dragon Disciple -> Original Stat Bonuses: 4.8
~ARTISANSKITPACK/ARTISANSKITPACK.TP2~ #0 #8004 // Artisan's Kitpack: Arcane Trickster Sorcerer Kit—EEEx required: 4.8
~ARTISANSKITPACK/ARTISANSKITPACK.TP2~ #0 #10002 // Artisan's Kitpack: Brawler Kit: 4.8
~ARTISANSKITPACK/ARTISANSKITPACK.TP2~ #0 #10001 // Artisan's Kitpack: Monk Revisions: 4.8
~ARTISANSKITPACK/ARTISANSKITPACK.TP2~ #0 #10003 // Artisan's Kitpack: Sacred Fist (Cleric) and Enlightened Fist (Sorcerer) Kits—EEEx required: 4.8
~ARTISANSKITPACK/ARTISANSKITPACK.TP2~ #0 #10004 // Artisan's Kitpack: Ninja "Class" (Monk Kit)—EEEx required: 4.8
~ARTISANSKITPACK/ARTISANSKITPACK.TP2~ #0 #1003 // Artisan's Kitpack: Berserker Overhaul: 4.8
~ARTISANSKITPACK/ARTISANSKITPACK.TP2~ #0 #1006 // Artisan's Kitpack: Wizard Slayer Overhaul: 4.8
~ARTISANSKITPACK/ARTISANSKITPACK.TP2~ #0 #1004 // Artisan's Kitpack: Kensai Overhaul: 4.8
~ARTISANSKITPACK/ARTISANSKITPACK.TP2~ #0 #1005 // Artisan's Kitpack: Barbarian Overhaul: 4.8
~ARTISANSKITPACK/ARTISANSKITPACK.TP2~ #0 #1007 // Artisan's Kitpack: Dwarven Defender Overhaul + Vanguard Fighter Kit: 4.8
~ARTISANSKITPACK/ARTISANSKITPACK.TP2~ #0 #1000 // Artisan's Kitpack: Arcane Archer Fighter Kit: 4.8
~ARTISANSKITPACK/ARTISANSKITPACK.TP2~ #0 #1008 // Artisan's Kitpack: Siegemaster Fighter Kit: 4.8
~ARTISANSKITPACK/ARTISANSKITPACK.TP2~ #0 #1009 // Artisan's Kitpack: Dreadnought Fighter Kit: 4.8
~ARTISANSKITPACK/ARTISANSKITPACK.TP2~ #0 #1100 // Artisan's Kitpack: Fighter Overhaul: 4.8
~ARTISANSKITPACK/ARTISANSKITPACK.TP2~ #0 #2000 // Artisan's Kitpack: Ranger Overhaul: 4.8
~ARTISANSKITPACK/ARTISANSKITPACK.TP2~ #0 #2010 // Artisan's Kitpack: Archer Overhaul: 4.8
~ARTISANSKITPACK/ARTISANSKITPACK.TP2~ #0 #2011 // Artisan's Kitpack: Stalker Overhaul: 4.8
~ARTISANSKITPACK/ARTISANSKITPACK.TP2~ #0 #2012 // Artisan's Kitpack: Beast Master Overhaul: 4.8
~ARTISANSKITPACK/ARTISANSKITPACK.TP2~ #0 #2002 // Artisan's Kitpack: Dark Hunter Ranger Kit: 4.8
~ARTISANSKITPACK/ARTISANSKITPACK.TP2~ #0 #7004 // Artisan's Kitpack: Assassin Overhaul: 4.8
~ARTISANSKITPACK/ARTISANSKITPACK.TP2~ #0 #7006 // Artisan's Kitpack: Swashbuckler Overhaul: 4.8
~ARTISANSKITPACK/ARTISANSKITPACK.TP2~ #0 #7001 // Artisan's Kitpack: Rogue Archer Thief Kit: 4.8
~ARTISANSKITPACK/ARTISANSKITPACK.TP2~ #0 #7002 // Artisan's Kitpack: Magekiller Thief Kit: 4.8
~ARTISANSKITPACK/ARTISANSKITPACK.TP2~ #0 #7003 // Artisan's Kitpack: Trickster Thief Kit: 4.8
~ARTISANSKITPACK/ARTISANSKITPACK.TP2~ #0 #7005 // Artisan's Kitpack: Invisible Blade Thief Kit: 4.8
~ARTISANSKITPACK/ARTISANSKITPACK.TP2~ #0 #9001 // Artisan's Kitpack: Warhorn Shaman Kit: 4.8
~ARTISANSKITPACK/ARTISANSKITPACK.TP2~ #0 #20000 // Artisan's Kitpack: Eldritch Knight (Fighter / Mage Kit): 4.8
~ARTISANSKITPACK/ARTISANSKITPACK.TP2~ #0 #20001 // Artisan's Kitpack: Arcane Trickster (Mage / Thief Kit): 4.8
refinements	
ArtisansKitpack_npc
themed_tweaks
~CDTWEAKS/SETUP-CDTWEAKS.TP2~ #0 #1160 // Multiple Strongholds [Sabre, Baldurdash, Weimer] -> No restrictions: v16
~CDTWEAKS/SETUP-CDTWEAKS.TP2~ #0 #2140 // Expanded Dual-Class Options: v16
~CDTWEAKS/SETUP-CDTWEAKS.TP2~ #0 #2420 // Loosen Equipment Restrictions for Cleric Multi- and Dual-Classes: v16
~CDTWEAKS/SETUP-CDTWEAKS.TP2~ #0 #2430 // Change Equipment Restrictions for Druid Multi- and Dual-Classes -> Loosen equipment restrictions for druid multi- and dual-classes: v16
~CDTWEAKS/SETUP-CDTWEAKS.TP2~ #0 #2250 // Un-Nerfed Sorcerer Spell Progression Table: v16
~CDTWEAKS/SETUP-CDTWEAKS.TP2~ #0 #2261 // Alter Mage Spell Progression Table -> PnP table: v16
~CDTWEAKS/SETUP-CDTWEAKS.TP2~ #0 #2271 // Alter Bard Spell Progression Table -> PnP table: v16
~CDTWEAKS/SETUP-CDTWEAKS.TP2~ #0 #2281 // Alter Cleric Spell Progression Table -> PnP table: v16
~CDTWEAKS/SETUP-CDTWEAKS.TP2~ #0 #2294 // Alter Druid Spell and Level Progression Tables -> Use cleric level progression changes with pnp druid/cleric spell table: v16
~CDTWEAKS/SETUP-CDTWEAKS.TP2~ #0 #2580 // Alter Wisdom-Based Divine Bonus Spell Table -> Use PnP/PsT Table: v16
~CDTWEAKS/SETUP-CDTWEAKS.TP2~ #0 #2391 // Alter Paladin Spell Progression Table -> BG2-Style Progression (Up To Level Six Spells) [TotoR]: v16
~CDTWEAKS/SETUP-CDTWEAKS.TP2~ #0 #2401 // Alter Ranger Spell Progression Table -> BG2-Style Progression (Up To Level Five Spells) [TotoR]: v16
~A7-GOLEMCONSTRUCTION/A7-GOLEMCONSTRUCTION.TP2~ #0 #0 // Golem Construction Ability for Spellcasters: 6.4
~A7-GOLEMCONSTRUCTION/A7-GOLEMCONSTRUCTION.TP2~ #0 #20 // Golems for enemy spellcasters: 6.4
~A7-GOLEMCONSTRUCTION/A7-GOLEMCONSTRUCTION.TP2~ #0 #25 // Greater variety of enemy golem types: 6.4
~A7-GOLEMCONSTRUCTION/A7-GOLEMCONSTRUCTION.TP2~ #0 #35 // Make golems vulnerable to specific spell effects: 6.4
~ITEM_REV/ITEM_REV.TP2~ #0 #17 // Weapon Changes: v4beta10sd19
~ITEM_REV/ITEM_REV.TP2~ #0 #1080 // Enchantment Doesn't Affect Speed Factor of Weapons: v4beta10sd19
~ITEM_REV/ITEM_REV.TP2~ #0 #1200 // Revised Critical Hit Aversion: v4beta10sd19
~ITEM_REV/ITEM_REV.TP2~ #0 #15 // PnP Equipment for Druids -> Druids Only: v4beta10sd19
~ITEM_REV/ITEM_REV.TP2~ #0 #1060 // Kensai Can Wear Bracers: v4beta10sd19
~FAITHS_AND_POWERS/FAITHS_AND_POWERS.TP2~ #0 #12 // Revised Cleric Spell Table -> Faiths & Powers Table: 0.91.4
~FAITHS_AND_POWERS/FAITHS_AND_POWERS.TP2~ #0 #15 // Druids Use Cleric Spell Table and XP Table: 0.91.4
~FAITHS_AND_POWERS/FAITHS_AND_POWERS.TP2~ #0 #25 // Choose a Sphere System -> nuFnP: a new sphere system (fewer spheres, more balanced, closer to PnP): 0.91.4
~FAITHS_AND_POWERS/FAITHS_AND_POWERS.TP2~ #0 #31 // Install Cleric kits: 0.91.4
~FAITHS_AND_POWERS/FAITHS_AND_POWERS.TP2~ #0 #33 // Install Druid kits: 0.91.4
~FAITHS_AND_POWERS/FAITHS_AND_POWERS.TP2~ #0 #36 // Install Paladin kits -> ...for all those, PLUS Neutral/Evil/demihuman deities: 0.91.4
~FAITHS_AND_POWERS/FAITHS_AND_POWERS.TP2~ #0 #75 // Alter Priests' Weapon/Armor Usability: 0.91.4
~FAITHS_AND_POWERS/FAITHS_AND_POWERS.TP2~ #0 #80 // Apply Sphere System (REQUIRED for the sphere system to work): 0.91.4
~FAITHS_AND_POWERS/FAITHS_AND_POWERS.TP2~ #0 #91 // Multiclass Druids: 0.91.4
~FAITHS_AND_POWERS/FAITHS_AND_POWERS.TP2~ #0 #92 // Multiclass Shamans: 0.91.4
~FAITHS_AND_POWERS/FAITHS_AND_POWERS.TP2~ #0 #95 // Multiclass Cleric kits (install AFTER all other kit mods!!): 0.91.4
~FAITHS_AND_POWERS/FAITHS_AND_POWERS.TP2~ #0 #99 // Apply FnP Multiclass Kits to NPCs: 0.91.4
~SUBTLED_SPELL_TWEAKS/SUBTLED_SPELL_TWEAKS.TP2~ #0 #10 // Rebalanced Spell Schools: 2.9
~SUBTLED_SPELL_TWEAKS/SUBTLED_SPELL_TWEAKS.TP2~ #0 #26 // Revised Arcane Opposition Schools -> PnP Opposition Schools: 2.9
~TNT/TNT.TP2~ #0 #22 // No talking when hiding in shadows: v8.35
~TNT/TNT.TP2~ #0 #26 // Throwing weapons damage type -> Make axes slashing and hammers blunt: v8.35
~TNT/TNT.TP2~ #0 #30 // Effects of scrolls and potions do not stack with themselves: v8.35
~TNT/TNT.TP2~ #0 #32 // Sensible wand of frost -> AoE: v8.35
~TNT/TNT.TP2~ #0 #33 // Potion of Really Mirrored Eyes: v8.35
~TNT/TNT.TP2~ #0 #35 // Improved Shandalar's cloak: v8.35
~TNT/TNT.TP2~ #0 #36 // Algernon's cloak: usable once per day: v8.35
~TNT/TNT.TP2~ #0 #38 // Distinct quest items: v8.35
~TNT/TNT.TP2~ #0 #42 // Spider form ignores web: v8.35
~TNT/TNT.TP2~ #0 #46 // True True Sight: v8.35
~TNT/TNT.TP2~ #0 #47 // Sensible Otiluke's Resilient Sphere: v8.35
~TNT/TNT.TP2~ #0 #48 // Greater Command AoE: v8.35
~TNT/TNT.TP2~ #0 #49 // Working Non-Detection: v8.35
~TNT/TNT.TP2~ #0 #50 // Unstack Chaos Shield: v8.35
~TNT/TNT.TP2~ #0 #51 // Uncheese Project Image | POWER USER component, consult readme: v8.35
~TNT/TNT.TP2~ #0 #52 // Uncheese Mislead: v8.35
~TNT/TNT.TP2~ #0 #53 // Sensible Blade spins: v8.35
~TNT/TNT.TP2~ #0 #54 // PnP Protection from Evil: v8.35
~TNT/TNT.TP2~ #0 #55 // Non-hostile Grease: v8.35
~TNT/TNT.TP2~ #0 #57 // Stores always buy goods at the same (low) price | POWER USER component, consult readme: v8.35
~TNT/TNT.TP2~ #0 #60 // More ankheg armors by Taerom: v8.35
~TNT/TNT.TP2~ #0 #61 // Cleanup stores: v8.35
~TNT/TNT.TP2~ #0 #62 // Limited stock: v8.35
~TNT/TNT.TP2~ #0 #64 // Fair fights | POWER USER component, consult readme -> Also remove undroppable items granting unfair advantages from all enemies: v8.35
~TNT/TNT.TP2~ #0 #67 // True True Grandmastery: v8.35
~TNT/TNT.TP2~ #0 #71 // Save Melicamp: v8.35
~TNT/TNT.TP2~ #0 #72 // Less autosaves | POWER USER component, consult readme: v8.35
~TNT/TNT.TP2~ #0 #76 // Disable intro movies: v8.35
jtweaks
~BUTCHERY/BUTCHERY.TP2~ #0 #10 // DrAzTiK's revisited fight against Tazok and DigDag [install before Stratagems]: v5.0.0
~BUTCHERY/BUTCHERY.TP2~ #0 #12 // Rebalancing Tazok and DigDag [install before Stratagems]: v5.0.0
~BUTCHERY/BUTCHERY.TP2~ #0 #20 // Groumf and Bourrinos Encounter at Firkraag's Hideout entrance [install before Stratagems]: v5.0.0
~BUTCHERY/BUTCHERY.TP2~ #0 #21 // Groumf and Bourrinos Encounter at Brynnlaw [install before Stratagems]: v5.0.0
~BUTCHERY/BUTCHERY.TP2~ #0 #22 // Groumf and Bourrinos Encounter in the Underdark [install before Stratagems]: v5.0.0
~BUTCHERY/BUTCHERY.TP2~ #0 #30 // Revisited fight against Wraith Sarevok in the Abyss [install before Stratagems]: v5.0.0
~BUTCHERY/BUTCHERY.TP2~ #0 #32 // Add battle songs in some areas that do not have any [install before or after Stratagems]: v5.0.0
~BUTCHERY/BUTCHERY.TP2~ #0 #40 // DrAzTiK's Creatures [install before Stratagems, some following components need it]: v5.0.0
~STRATAGEMS/SETUP-STRATAGEMS.TP2~ #0 #3010 // Replace +1 arrows and other projectiles with nonmagical "fine" ones: 35.21
~STRATAGEMS/SETUP-STRATAGEMS.TP2~ #0 #3015 // Re-introduce potions of extra-healing: 35.21
~STRATAGEMS/SETUP-STRATAGEMS.TP2~ #0 #3017 // Make elemental arrows like BG2: 35.21
~STRATAGEMS/SETUP-STRATAGEMS.TP2~ #0 #3040 // Reduce the number of Arrows of Dispelling in stores -> Remove Arrows of Dispelling from stores: 35.21
~STRATAGEMS/SETUP-STRATAGEMS.TP2~ #0 #3505 // Wider selection of random scrolls: 35.21
~STRATAGEMS/SETUP-STRATAGEMS.TP2~ #0 #4020 // More realistic wolves and wild dogs: 35.21
~STRATAGEMS/SETUP-STRATAGEMS.TP2~ #0 #4051 // Decrease the rate at which reputation improves -> Reputation increases at about 1/2 the normal rate: 35.21
~STRATAGEMS/SETUP-STRATAGEMS.TP2~ #0 #4135 // Revised resting: resting in the wild uses up provisions: 35.21
~STRATAGEMS/SETUP-STRATAGEMS.TP2~ #0 #4140 // Revised inn rooms: more expensive, more benefits: 35.21
~STRATAGEMS/SETUP-STRATAGEMS.TP2~ #0 #5000 // Ease-of-use party AI: 35.21
~STRATAGEMS/SETUP-STRATAGEMS.TP2~ #0 #5080 // Improved BG Textscreens: 35.21
~STRATAGEMS/SETUP-STRATAGEMS.TP2~ #0 #5900 // Initialise AI components (required for all tactical and AI components): 35.21
~STRATAGEMS/SETUP-STRATAGEMS.TP2~ #0 #6000 // Smarter general AI: 35.21
~STRATAGEMS/SETUP-STRATAGEMS.TP2~ #0 #6010 // Better calls for help: 35.21
~STRATAGEMS/SETUP-STRATAGEMS.TP2~ #0 #6030 // Smarter Mages: 35.21
~STRATAGEMS/SETUP-STRATAGEMS.TP2~ #0 #6040 // Smarter Priests: 35.21
~STRATAGEMS/SETUP-STRATAGEMS.TP2~ #0 #6100 // Potions for NPCs: 35.21
~STRATAGEMS/SETUP-STRATAGEMS.TP2~ #0 #6200 // Improved Spiders: 35.21
~STRATAGEMS/SETUP-STRATAGEMS.TP2~ #0 #6300 // Smarter sirines and dryads: 35.21
~STRATAGEMS/SETUP-STRATAGEMS.TP2~ #0 #6310 // Slightly smarter carrion crawlers: 35.21
~STRATAGEMS/SETUP-STRATAGEMS.TP2~ #0 #6320 // Smarter basilisks: 35.21
~STRATAGEMS/SETUP-STRATAGEMS.TP2~ #0 #7000 // Improved doppelgangers: 35.21
~STRATAGEMS/SETUP-STRATAGEMS.TP2~ #0 #7010 // Tougher Black Talons and Iron Throne guards: 35.21
~STRATAGEMS/SETUP-STRATAGEMS.TP2~ #0 #7020 // Improved deployment for parties of assassins: 35.21
~STRATAGEMS/SETUP-STRATAGEMS.TP2~ #0 #7030 // Improved kobolds: 35.21
~STRATAGEMS/SETUP-STRATAGEMS.TP2~ #0 #7040 // Relocated bounty hunters: 35.21
~STRATAGEMS/SETUP-STRATAGEMS.TP2~ #0 #7050 // Improved Ulcaster: 35.21
~STRATAGEMS/SETUP-STRATAGEMS.TP2~ #0 #7060 // Improved Balduran's Isle: 35.21
~STRATAGEMS/SETUP-STRATAGEMS.TP2~ #0 #7070 // Improved Durlag's Tower: 35.21
~STRATAGEMS/SETUP-STRATAGEMS.TP2~ #0 #7080 // Improved Demon Cultists: 35.21
~STRATAGEMS/SETUP-STRATAGEMS.TP2~ #0 #7090 // Improved Cloakwood Druids: 35.21
~STRATAGEMS/SETUP-STRATAGEMS.TP2~ #0 #7100 // Improved Bassilus: 35.21
~STRATAGEMS/SETUP-STRATAGEMS.TP2~ #0 #7110 // Improved Drasus party: 35.21
~STRATAGEMS/SETUP-STRATAGEMS.TP2~ #0 #7130 // Improved Red Wizards: 35.21
~STRATAGEMS/SETUP-STRATAGEMS.TP2~ #0 #7140 // Improved Undercity assassins: 35.21
~STRATAGEMS/SETUP-STRATAGEMS.TP2~ #0 #7150 // Improved Carsa/Kahrk interaction: 35.21
~STRATAGEMS/SETUP-STRATAGEMS.TP2~ #0 #7200 // Tougher chapter-two end battle: 35.21
~STRATAGEMS/SETUP-STRATAGEMS.TP2~ #0 #7210 // Tougher chapter-three end battle: 35.21
~STRATAGEMS/SETUP-STRATAGEMS.TP2~ #0 #7220 // Tougher chapter-four end battle: 35.21
~STRATAGEMS/SETUP-STRATAGEMS.TP2~ #0 #7230 // Tougher chapter-five end battle: 35.21
~STRATAGEMS/SETUP-STRATAGEMS.TP2~ #0 #7250 // Improved final battle: 35.21
~STRATAGEMS/SETUP-STRATAGEMS.TP2~ #0 #7900 // Improved minor encounters: 35.21
~CDTWEAKS/SETUP-CDTWEAKS.TP2~ #0 #40 // Change Viconia's Skin Color to Dark Blue: v16
~CDTWEAKS/SETUP-CDTWEAKS.TP2~ #0 #60 // Weapon Animation Tweaks: v16
~CDTWEAKS/SETUP-CDTWEAKS.TP2~ #0 #110 // Icon Improvements: v16
~CDTWEAKS/SETUP-CDTWEAKS.TP2~ #0 #130 // Force All Dialogue to Pause Game: v16
~CDTWEAKS/SETUP-CDTWEAKS.TP2~ #0 #140 // Fix Boo's Squeak: v16
~CDTWEAKS/SETUP-CDTWEAKS.TP2~ #0 #150 // Remove "+x" From Unique Item Names: v16
~CDTWEAKS/SETUP-CDTWEAKS.TP2~ #0 #160 // Make Magic Shields Glow [plainab/grogerson]: v16
~CDTWEAKS/SETUP-CDTWEAKS.TP2~ #0 #171 // Unique Icons [Lava] -> Replace all icons: v16
~CDTWEAKS/SETUP-CDTWEAKS.TP2~ #0 #182 // Unique Containers [Miloch] -> Unique icons and names: v16
~BUTCHERY/BUTCHERY.TP2~ #0 #43 // Butchery in the Forest of Tethyr (Animals and Druids) [install after Stratagems]: v5.0.0
~BUTCHERY/BUTCHERY.TP2~ #0 #44 // Butchery in the planar sphere (Demonic creatures) [install after Stratagems]: v5.0.0
~BUTCHERY/BUTCHERY.TP2~ #0 #47 // Butchery in Windspear Hills (Orcs) [install after Stratagems]: v5.0.0
~BUTCHERY/BUTCHERY.TP2~ #0 #48 // Butchery in Umar Hills (Wolves) [install after Stratagems]: v5.0.0
~BUTCHERY/BUTCHERY.TP2~ #0 #49 // 2 butcheries in Trademeet and outside Watcher's Keep (Animals) [install) after Stratagems]: v5.0.0
~BUTCHERY/BUTCHERY.TP2~ #0 #52 // Butchery in the Druid Grove area (Animals and Druids) [install after Stratagems]: v5.0.0
~BUTCHERY/BUTCHERY.TP2~ #0 #57 // 4 butcheries of spiders in Pai'Na's Hideout entrance, Temple City (Unseeing Eye Plot), Watcher's Keep first floor (Altar level) and in the area outside Sendai's Hideout [install after Stratagems]: v5.0.0
~BUTCHERY/BUTCHERY.TP2~ #0 #58 // 6 butcheries of skeletons in the lower tombs of Athkatla, Shadow Temple Land, Spellhold, Watcher's Keep (Last Seals), and 2 in Nyalee's Hideout [install after Stratagems]: v5.0.0
~CDTWEAKS/SETUP-CDTWEAKS.TP2~ #0 #191 // Use Character Colors Instead of Item Colors -> For non-magical shields and helmets: v16
~CDTWEAKS/SETUP-CDTWEAKS.TP2~ #0 #2010 // Separate Resist Fire/Cold Icon into Separate Icons [Angel]: v16
~CDTWEAKS/SETUP-CDTWEAKS.TP2~ #0 #220 // Enhanced Overlays for Colorblind Players [Fouinto]: v16
~CDTWEAKS/SETUP-CDTWEAKS.TP2~ #0 #1010 // More Interjections: v16
~CDTWEAKS/SETUP-CDTWEAKS.TP2~ #0 #1060 // Breakable Iron Non-Magical Shields, Helms, and Armor: v16
~CDTWEAKS/SETUP-CDTWEAKS.TP2~ #0 #1075 // Send BioWare NPCs to an Inn [DavidW/Zed Nocear]: v16
~CDTWEAKS/SETUP-CDTWEAKS.TP2~ #0 #1140 // Gems and Potions Require Identification -> Gems and potions: v16
~CDTWEAKS/SETUP-CDTWEAKS.TP2~ #0 #1270 // Change Cloakwood Mine Chapter End Change Trigger to Non-TotSC Behavior [plainab]: v16
~CDTWEAKS/SETUP-CDTWEAKS.TP2~ #0 #2100 // Allow Thieving and Stealth in Heavy Armor per PnP: v16
~CDTWEAKS/SETUP-CDTWEAKS.TP2~ #0 #2120 // Allow Arcane Spellcasting in Heavy Armor: v16
~CDTWEAKS/SETUP-CDTWEAKS.TP2~ #0 #2150 // Wear Multiple Protection Items -> PnP restrictions: v16
~CDTWEAKS/SETUP-CDTWEAKS.TP2~ #0 #2170 // Cast Spells from Scrolls (and Other Items) at Character Level: v16
~CDTWEAKS/SETUP-CDTWEAKS.TP2~ #0 #2192 // Limit Ability of Storekeepers to Identify Items -> Hybrid of both methods: v16
~CDTWEAKS/SETUP-CDTWEAKS.TP2~ #0 #2210 // Change Grandmastery Bonuses -> True grandmastery [Baldurdash]: v16
~CDTWEAKS/SETUP-CDTWEAKS.TP2~ #0 #2220 // Change Magically Created Weapons to Zero Weight: v16
~CDTWEAKS/SETUP-CDTWEAKS.TP2~ #0 #2339 // Remove Summoning Cap for Regular Summons: v16
~CDTWEAKS/SETUP-CDTWEAKS.TP2~ #0 #2510 // Level-Lock Spell Scrolls [Angel]: v16
~CDTWEAKS/SETUP-CDTWEAKS.TP2~ #0 #2530 // Lightning Bolts Don't Bounce [Angel]: v16
~CDTWEAKS/SETUP-CDTWEAKS.TP2~ #0 #2620 // Make Certain Creatures Immune to Backstab/Sneak Attack [Luke]: v16
~CDTWEAKS/SETUP-CDTWEAKS.TP2~ #0 #3010 // Maximum HP Creatures [the bigg] -> For all creatures in game: v16
~CDTWEAKS/SETUP-CDTWEAKS.TP2~ #0 #3060 // Remove "You Must Gather Your Party..." Sound [Weimer]: v16
~CDTWEAKS/SETUP-CDTWEAKS.TP2~ #0 #3125 // Neutral Characters Make Happy Comments at Mid-Range Reputation [Luiz]: v16
~CDTWEAKS/SETUP-CDTWEAKS.TP2~ #0 #3230 // Taerom Makes Additional Ankheg Armor [Icendoan/grogerson]: v16
~CDTWEAKS/SETUP-CDTWEAKS.TP2~ #0 #3300 // Death Cam: v16
~CDTWEAKS/SETUP-CDTWEAKS.TP2~ #0 #3320 // No Depreciation in Stores: v16
~CDTWEAKS/SETUP-CDTWEAKS.TP2~ #0 #3330 // Make Party Members Less Likely to Die Irreversibly: v16
~CDTWEAKS/SETUP-CDTWEAKS.TP2~ #0 #4000 // Adjust Evil Joinable NPC Reaction Rolls: v16
~CDTWEAKS/SETUP-CDTWEAKS.TP2~ #0 #4031 // Consistent Stats: Edwin -> Use BG2 values: v16
~CDTWEAKS/SETUP-CDTWEAKS.TP2~ #0 #4041 // Consistent Stats: Jaheira -> Use BG2 values: v16
~CDTWEAKS/SETUP-CDTWEAKS.TP2~ #0 #4061 // Consistent Stats: Minsc -> Use BG2 values: v16
~CDTWEAKS/SETUP-CDTWEAKS.TP2~ #0 #4071 // Consistent Stats: Viconia -> Use BG2 values: v16
~CDTWEAKS/SETUP-CDTWEAKS.TP2~ #0 #4090 // Make Montaron an Assassin [Andyr]: v16
~CDTWEAKS/SETUP-CDTWEAKS.TP2~ #0 #4110 // Give Kagain a Legal Constitution Score of 19: v16
~CDTWEAKS/SETUP-CDTWEAKS.TP2~ #0 #4120 // Give Coran a Legal Dexterity Score of 19: v16
~CDTWEAKS/SETUP-CDTWEAKS.TP2~ #0 #4170 // Ensure Shar-Teel Doesn't Die in the Original Challenge: v16
~BGGO/BGGO.TP2~ #0 #0 // BGGO for EET, BGT, BGEE, BG2EE, ToB and Tutu: v3.3
~VICONIAREVAMPED/SETUP-VICONIAREVAMPED.TP2~ #0 #56 // Portraits for Viconia -> Use restored Baldur's Gate 2 Demo portrait (BG2 style): v7.2
~VICONIAREVAMPED/SETUP-VICONIAREVAMPED.TP2~ #0 #70 // Apply drow penalty: Day Blindness: v7.2
~PICKS_OF_THE_LITTER/PICKS_OF_THE_LITTER.TP2~ #0 #0 // Plasmocat's Picks of the Litter Portrait Pack: v4
ArtisansKitpack_tweak
HQ_SoundClips_BG2EE
thepicturestandard
hps_portraits_project
~LIGHTINGPACK/LIGHTINGPACK.TP2~ #0 #2 // Shader script files for lighting control -> Moderately increased contrast, brightness and gamma (recommended): v3.2
~LIGHTINGPACK/LIGHTINGPACK.TP2~ #0 #102 // Modify Color Temperature -> Apply preset "Daylight (neutral)" (6,500 Kelvin): v3.2
~HIDDENGAMEPLAYOPTIONS/HIDDENGAMEPLAYOPTIONS.TP2~ #0 #0 // Install all Hidden Gameplay Options at once: 4.7
~INFINITYSOUNDS/INFINITYSOUNDS.TP2~ #0 #100 // Restore BG1 Spellcasting Voices: v2.0.1
~INFINITYSOUNDS/INFINITYSOUNDS.TP2~ #0 #110 // Restore BG1 Spellcasting Sounds: v2.0.1
~INFINITYSOUNDS/INFINITYSOUNDS.TP2~ #0 #120 // Restore BG1 Weapon Sounds: v2.0.1
~INFINITYSOUNDS/INFINITYSOUNDS.TP2~ #0 #130 // Restore BG1 Armor Sounds: v2.0.1
~INFINITYSOUNDS/INFINITYSOUNDS.TP2~ #0 #140 // Restore BG1 GUI Sounds: v2.0.1
~INFINITYSOUNDS/INFINITYSOUNDS.TP2~ #0 #160 // Restore Gulp Sound: v2.0.1
~INFINITYSOUNDS/INFINITYSOUNDS.TP2~ #0 #170 // Restore Chunked Death Sound: v2.0.1
~INFINITYSOUNDS/INFINITYSOUNDS.TP2~ #0 #180 // Tweak Sound Channel Volume Levels: v2.0.1
~INFINITYSOUNDS/INFINITYSOUNDS.TP2~ #0 #189 // Enable Footsteps During Combat: v2.0.1
~INFINITYSOUNDS/INFINITYSOUNDS.TP2~ #0 #190 // Mute Reputation Change Sounds: v2.0.1
~INFINITYSOUNDS/INFINITYSOUNDS.TP2~ #0 #200 // Mute Tooltip Paper Sound: v2.0.1
~INFINITYSOUNDS/INFINITYSOUNDS.TP2~ #0 #210 // Restore BG1 Ambient Sounds: v2.0.1
~INFINITYSOUNDS/INFINITYSOUNDS.TP2~ #0 #230 // Restore & Tweak Soundsets: v2.0.1
~INFINITYSOUNDS/INFINITYSOUNDS.TP2~ #0 #240 // More Existence Sounds: v2.0.1
~INFINITYSOUNDS/INFINITYSOUNDS.TP2~ #0 #250 // Tweak Existence Sound Delay: v2.0.1

// Dispatch them:
LongerRoad	
A7#ImprovedArcher
wsr